Exercise 9-1
initial conditions: real=1000 effective=0 saved=0 file-system=0

a) setuid(2000);
  real=2000 effective=2000 saved=2000 file-system=2000

b) setreuid(-1,2000);
  real=1000 effective=2000 saved=2000 file-system=2000

c) seteuid(2000);
  real=1000 effective=2000 saved=0 file-system=2000

d) setfsuid(2000);
  real=1000 effective=0 saved=0 file-system=2000

e) setresuid(-1,2000,3000);
  real=1000 effective=2000 saved=3000 file-system=2000